// Jest Snapshot v1, https://goo.gl/fbAQLP

exports[`Layout component Snapshot 1`] = `
<DocumentFragment>
  <div
    class="sc-AxirZ cjqdBc"
    data-testid="layout-content"
  >
    <div
      class="sc-AxiKw cHBOJS"
    >
      <h3
        class="MuiTypography-root MuiTypography-h3"
      >
        The Guardian
      </h3>
    </div>
    <div
      class="sc-AxhCb cLmHhN"
    >
      Testando o componente de layout do projeto
    </div>
  </div>
</DocumentFragment>
`;
